Microchip MPLAB XC8 Compiler V2.40

Linker command line:

-W-3 \
  --edf=C:\Program Files\Microchip\xc8\v2.40\pic\dat\20220703182018_en.msgs \
  -cn -h+dist/default/production\CAN_Project_Ondulateur.production.sym \
  --cmf=dist/default/production\CAN_Project_Ondulateur.production.cmf -z \
  -Q18F25K80 -oC:\Users\e2134485\AppData\Local\Temp\xcAso4o.4 \
  --defsym=__MPLAB_BUILD=1 --fixupoverflow=error \
  -Mdist/default/production/CAN_Project_Ondulateur.production.map \
  --md=C:\Users\e2134485\AppData\Local\Temp\xcAso4o.dat -E1 \
  -ver=XC8 Compiler --acfsm=1493 -ACODE=00h-07FFFh -ACONST=00h-07FFFh \
  -ASMALLCONST=01000h-010FFhx112 -AMEDIUMCONST=01000h-07FFFh \
  -ACOMRAM=01h-05Fh -AABS1=00h-0E40h -ABIGRAM=01h-0E40h \
  -ARAM=060h-0FFh,0100h-01FFhx13,0E00h-0E40h -ABANK0=060h-0FFh \
  -ABANK1=0100h-01FFh -ABANK2=0200h-02FFh -ABANK3=0300h-03FFh \
  -ABANK4=0400h-04FFh -ABANK5=0500h-05FFh -ABANK6=0600h-06FFh \
  -ABANK7=0700h-07FFh -ABANK8=0800h-08FFh -ABANK9=0900h-09FFh \
  -ABANK10=0A00h-0AFFh -ABANK11=0B00h-0BFFh -ABANK12=0C00h-0CFFh \
  -ABANK13=0D00h-0DFFh -ABANK14=0E00h-0E40h \
  -ASFR=0E41h-0EFFh,0F00h-0F5Fh,0F60h-0FFFh -ABIGSFR=0E41h-0FFFh \
  -ACONFIG=0300000h-030000Dh -AIDLOC=0200000h-0200007h \
  -AEEDATA=0F00000h-0F003FFh -peeprom_data=EEDATA \
  -preset_vec=00h,intcode=08h,intcodelo,powerup,init -pramtop=01000h \
  -psmallconst=SMALLCONST -pmediumconst=MEDIUMCONST -pconst=CONST \
  -AFARRAM=00h-00h \
  -prdata=COMRAM,nvrram=COMRAM,nvbit=COMRAM,rbss=COMRAM,rbit=COMRAM \
  -pfarbss=FARRAM,fardata=FARRAM,nvFARRAM=FARRAM \
  -pintsave_regs=BIGRAM,bigbss=BIGRAM,bigdata=BIGRAM -pbss=RAM \
  -pidata=CODE,irdata=CODE,ibigdata=CODE,ifardata=CODE -prparam=COMRAM \
  C:\Users\e2134485\AppData\Local\Temp\xcAso4o.o \
  dist/default/production\CAN_Project_Ondulateur.production.o 

Object code version is 3.11

Machine type is 18F25K80



                Name                               Link     Load   Length Selector   Space Scale
C:\Users\e2134485\AppData\Local\Temp\xcAso4o.o
                idloc                            200000   200000        8        0       5
                config                           300000   300000        E        0       4
                init                                 74       74        4        4       0
                reset_vec                             0        0        4        0       0
dist/default/production\CAN_Project_Ondulateur.production.o
                intcode                               8        8       6C        4       0
                idloc                            200000   200000        8        0       5
                config                           300000   300000        E        0       4
                temp                                 3D       3D        1        1       1
                text28                             1066     1066        2        4       0
                text27                              FE0      FE0       1E        4       0
                text26                             1058     1058        6        4       0
                text25                             1064     1064        2        4       0
                text24                              F42      F42       2E        4       0
                text23                              F9A      F9A       28        4       0
                text22                              EDA      EDA       36        4       0
                text20                              E68      E68       3A        4       0
                text19                              B34      B34      13A        4       0
                text18                              D48      D48       78        4       0
                text17                              76C      76C      254        4       0
                text16                              9C0      9C0      174        4       0
                text15                              452      452      31A        4       0
                text14                              FFE      FFE       16        4       0
                text13                             104E     104E        A        4       0
                text12                              C6E      C6E       DA        4       0
                text11                             1044     1044        A        4       0
                text10                             103A     103A        A        4       0
                text9                              1030     1030        A        4       0
                text8                               E2A      E2A       3E        4       0
                text7                              105E     105E        4        4       0
                text6                              1014     1014       12        4       0
                text5                               F70      F70       2A        4       0
                text4                              1026     1026        A        4       0
                text3                               EA2      EA2       38        4       0
                text2                               FC2      FC2       1E        4       0
                text1                               DC0      DC0       6A        4       0
                text0                                78       78      3DA        4       0
                cstackCOMRAM                          1        1       20        1       1
                cstackBANK0                          60       60       21       60       1
                dataCOMRAM                           3B       3B        2        1       1
                bssCOMRAM                            21       21       12        1       1
                cinit                               F10      F10       32        4       0
                nvBANK0                              81       81        2       60       1
                nvCOMRAM                             33       33        8        1       1
                idataCOMRAM                        1062     1062        2        4       0

TOTAL           Name                               Link     Load   Length     Space
        CLASS   CODE           
                intcode                               8        8       6C         0
                init                                 74       74        4         0
                reset_vec                             0        0        4         0
                text28                             1066     1066        2         0
                text27                              FE0      FE0       1E         0
                text26                             1058     1058        6         0
                text25                             1064     1064        2         0
                text24                              F42      F42       2E         0
                text23                              F9A      F9A       28         0
                text22                              EDA      EDA       36         0
                text20                              E68      E68       3A         0
                text19                              B34      B34      13A         0
                text18                              D48      D48       78         0
                text17                              76C      76C      254         0
                text16                              9C0      9C0      174         0
                text15                              452      452      31A         0
                text14                              FFE      FFE       16         0
                text13                             104E     104E        A         0
                text12                              C6E      C6E       DA         0
                text11                             1044     1044        A         0
                text10                             103A     103A        A         0
                text9                              1030     1030        A         0
                text8                               E2A      E2A       3E         0
                text7                              105E     105E        4         0
                text6                              1014     1014       12         0
                text5                               F70      F70       2A         0
                text4                              1026     1026        A         0
                text3                               EA2      EA2       38         0
                text2                               FC2      FC2       1E         0
                text1                               DC0      DC0       6A         0
                text0                                78       78      3DA         0
                cinit                               F10      F10       32         0
                idataCOMRAM                        1062     1062        2         0

        CLASS   CONST          

        CLASS   SMALLCONST     

        CLASS   MEDIUMCONST    

        CLASS   COMRAM         
                temp                                 3D       3D        1         1
                cstackCOMRAM                          1        1       20         1
                dataCOMRAM                           3B       3B        2         1
                bssCOMRAM                            21       21       12         1
                nvCOMRAM                             33       33        8         1

        CLASS   ABS1           

        CLASS   BIGRAM         

        CLASS   RAM            

        CLASS   BANK0          
                cstackBANK0                          60       60       21         1
                nvBANK0                              81       81        2         1

        CLASS   BANK1          

        CLASS   BANK2          

        CLASS   BANK3          

        CLASS   BANK4          

        CLASS   BANK5          

        CLASS   BANK6          

        CLASS   BANK7          

        CLASS   BANK8          

        CLASS   BANK9          

        CLASS   BANK10         

        CLASS   BANK11         

        CLASS   BANK12         

        CLASS   BANK13         

        CLASS   BANK14         

        CLASS   SFR            

        CLASS   BIGSFR         

        CLASS   CONFIG         
                config                           300000   300000        E         4

        CLASS   IDLOC          
                idloc                            200000   200000        8         5

        CLASS   EEDATA         

        CLASS   FARRAM         

        CLASS   HEAP           

        CLASS   STACK          



SEGMENTS        Name                           Load    Length   Top    Selector   Space  Class

                reset_vec                      000000  000004  000004         0       0  CODE    
                cstackCOMRAM                   000001  00003D  00003E         1       1  COMRAM  
                intcode                        000008  001060  001068         4       0  CODE    
                cstackBANK0                    000060  000023  000083        60       1  BANK0   


UNUSED ADDRESS RANGES

        Name                Unused          Largest block    Delta
        BANK0            000083-0000FF               7D
        BANK1            000100-0001FF              100
        BANK10           000A00-000AFF              100
        BANK11           000B00-000BFF              100
        BANK12           000C00-000CFF              100
        BANK13           000D00-000DFF              100
        BANK14           000E00-000E40               41
        BANK2            000200-0002FF              100
        BANK3            000300-0003FF              100
        BANK4            000400-0004FF              100
        BANK5            000500-0005FF              100
        BANK6            000600-0006FF              100
        BANK7            000700-0007FF              100
        BANK8            000800-0008FF              100
        BANK9            000900-0009FF              100
        BIGRAM           00003E-00005F               22
                         000083-000E40              DBE
        BIGSFR           000E41-000FFF              1BF
        CODE             000004-000007                4
                         001068-007FFF             6F98
        COMRAM           00003E-00005F               22
        CONST            000004-000007                4
                         001068-007FFF             6F98
        EEDATA           F00000-F003FF              400
        MEDIUMCONST      001068-007FFF             6F98
        RAM              000083-000E40              100
        SFR              000E41-000FFF               BF
        SMALLCONST       001068-007FFF              100

                                  Symbol Table

?_ADC_GetConversion                                cstackCOMRAM 000005
?___lmul                                           cstackCOMRAM 000005
?_convertReg2ExtendedCANid                         cstackCOMRAM 000005
?_convertReg2StandardCANid                         cstackCOMRAM 000005
ADC_GetConversion@channel                          cstackCOMRAM 000009
CAN_receive@returnValue                            cstackCOMRAM 00001A
CAN_receive@tempCanMsg                             cstackCOMRAM 000018
CAN_transmit@tempCanMsg                            cstackCOMRAM 000017
CAN_transmit@tempEIDH                              cstackCOMRAM 000019
CAN_transmit@tempEIDL                              cstackCOMRAM 00001A
CAN_transmit@tempSIDH                              cstackCOMRAM 00001B
CAN_transmit@tempSIDL                              cstackCOMRAM 00001C
ECAN_SetWakeUpInterruptHandler@handler             cstackCOMRAM 000005
EUSART1_SetErrorHandler@interruptHandler           cstackCOMRAM 000005
EUSART1_SetFramingErrorHandler@interruptHandler    cstackCOMRAM 000005
EUSART1_SetOverrunErrorHandler@interruptHandler    cstackCOMRAM 000005
TMR1_ISR@CountCallBack                             bssCOMRAM    00002B
TMR1_SetInterruptHandler@InterruptHandler          cstackCOMRAM 000005
TMR1_WriteTimer@timerVal                           cstackCOMRAM 000001
_ADCON0                                            (abs)        000FC2
_ADCON0bits                                        (abs)        000FC2
_ADCON1                                            (abs)        000FC1
_ADCON2                                            (abs)        000FC0
_ADC_GetConversion                                 text20       000E68
_ADC_Initialize                                    text14       000FFE
_ADC_InterruptHandler                              bssCOMRAM    000029
_ADRESH                                            (abs)        000FC4
_ADRESL                                            (abs)        000FC3
_ANCON0                                            (abs)        000F5D
_ANCON1                                            (abs)        000F5C
_BAUDCON1                                          (abs)        000FA7
_BRGCON1                                           (abs)        000E43
_BRGCON2                                           (abs)        000E44
_BRGCON3                                           (abs)        000E45
_Batterie                                          bssCOMRAM    000021
_CANCON                                            (abs)        000F6F
_CANSTAT                                           (abs)        000F6E
_CAN_receive                                       text17       00076C
_CAN_transmit                                      text15       000452
_CIOCON                                            (abs)        000F70
_COMSTATbits                                       (abs)        000F71
_ECANCON                                           (abs)        000F72
_ECAN_Initialize                                   text12       000C6E
_ECAN_SetWakeUpInterruptHandler                    text13       00104E
_ECAN_WAKI_ISR                                     text27       000FE0
_EUSART1_DefaultErrorHandler                       (abs)        000000
_EUSART1_DefaultFramingErrorHandler                (abs)        000000
_EUSART1_DefaultOverrunErrorHandler                (abs)        000000
_EUSART1_ErrorHandler                              nvBANK0      000081
_EUSART1_FramingErrorHandler                       nvCOMRAM     000035
_EUSART1_Initialize                                text8        000E2A
_EUSART1_OverrunErrorHandler                       nvCOMRAM     000033
_EUSART1_SetErrorHandler                           text11       001044
_EUSART1_SetFramingErrorHandler                    text10       00103A
_EUSART1_SetOverrunErrorHandler                    text9        001030
_INTCON2bits                                       (abs)        000FF1
_INTCONbits                                        (abs)        000FF2
_INTERRUPT_Initialize                              text7        00105E
_INTERRUPT_InterruptManager                        intcode      000008
_LATA                                              (abs)        000F89
_LATB                                              (abs)        000F8A
_LATC                                              (abs)        000F8B
_LATCbits                                          (abs)        000F8B
_OSCCON                                            (abs)        000FD3
_OSCCON2                                           (abs)        000FD2
_OSCILLATOR_Initialize                             text6        001014
_OSCTUNE                                           (abs)        000F9B
_PIE1bits                                          (abs)        000F9D
_PIE5bits                                          (abs)        000F76
_PIN_MANAGER_Initialize                            text5        000F70
_PIR1bits                                          (abs)        000F9E
_PIR5bits                                          (abs)        000F77
_PORTAbits                                         (abs)        000F80
_Protection                                        bssCOMRAM    000025
_RCONbits                                          (abs)        000FD0
_RCREG1                                            (abs)        000FAE
_RCSTA1                                            (abs)        000FAB
_RCSTA1bits                                        (abs)        000FAB
_REFOCON                                           (abs)        000F9A
_RXB0CON                                           (abs)        000F60
_RXB0CONbits                                       (abs)        000F60
_RXB0D0                                            (abs)        000F66
_RXB0D1                                            (abs)        000F67
_RXB0D2                                            (abs)        000F68
_RXB0D3                                            (abs)        000F69
_RXB0D4                                            (abs)        000F6A
_RXB0D5                                            (abs)        000F6B
_RXB0D6                                            (abs)        000F6C
_RXB0D7                                            (abs)        000F6D
_RXB0DLC                                           (abs)        000F65
_RXB0EIDH                                          (abs)        000F63
_RXB0EIDL                                          (abs)        000F64
_RXB0SIDH                                          (abs)        000F61
_RXB0SIDL                                          (abs)        000F62
_RXB1CONbits                                       (abs)        000F30
_RXB1D0                                            (abs)        000F36
_RXB1D1                                            (abs)        000F37
_RXB1D2                                            (abs)        000F38
_RXB1D3                                            (abs)        000F39
_RXB1D4                                            (abs)        000F3A
_RXB1D5                                            (abs)        000F3B
_RXB1D6                                            (abs)        000F3C
_RXB1D7                                            (abs)        000F3D
_RXB1DLC                                           (abs)        000F35
_RXB1EIDH                                          (abs)        000F33
_RXB1EIDL                                          (abs)        000F34
_RXB1SIDH                                          (abs)        000F31
_RXB1SIDL                                          (abs)        000F32
_RXF0EIDH                                          (abs)        000EE2
_RXF0EIDL                                          (abs)        000EE3
_RXF0SIDH                                          (abs)        000EE0
_RXF0SIDL                                          (abs)        000EE1
_RXF1EIDH                                          (abs)        000EE6
_RXF1EIDL                                          (abs)        000EE7
_RXF1SIDH                                          (abs)        000EE4
_RXF1SIDL                                          (abs)        000EE5
_RXF2EIDH                                          (abs)        000EEA
_RXF2EIDL                                          (abs)        000EEB
_RXF2SIDH                                          (abs)        000EE8
_RXF2SIDL                                          (abs)        000EE9
_RXF3EIDH                                          (abs)        000EEE
_RXF3EIDL                                          (abs)        000EEF
_RXF3SIDH                                          (abs)        000EEC
_RXF3SIDL                                          (abs)        000EED
_RXF4EIDH                                          (abs)        000EF2
_RXF4EIDL                                          (abs)        000EF3
_RXF4SIDH                                          (abs)        000EF0
_RXF4SIDL                                          (abs)        000EF1
_RXF5EIDH                                          (abs)        000EF6
_RXF5EIDL                                          (abs)        000EF7
_RXF5SIDH                                          (abs)        000EF4
_RXF5SIDL                                          (abs)        000EF5
_RXM0EIDH                                          (abs)        000EFA
_RXM0EIDL                                          (abs)        000EFB
_RXM0SIDH                                          (abs)        000EF8
_RXM0SIDL                                          (abs)        000EF9
_RXM1EIDH                                          (abs)        000EFE
_RXM1EIDL                                          (abs)        000EFF
_RXM1SIDH                                          (abs)        000EFC
_RXM1SIDL                                          (abs)        000EFD
_SPBRG1                                            (abs)        000FAF
_SPBRGH1                                           (abs)        000F7D
_SYSTEM_Initialize                                 text2        000FC2
_Switch                                            bssCOMRAM    000027
_Systeme                                           bssCOMRAM    000023
_T1CON                                             (abs)        000FCD
_T1CONbits                                         (abs)        000FCD
_T1GCON                                            (abs)        000FAA
_T1GCONbits                                        (abs)        000FAA
_TMR1H                                             (abs)        000FCF
_TMR1L                                             (abs)        000FCE
_TMR1_CallBack                                     text24       000F42
_TMR1_DefaultInterruptHandler                      text25       001064
_TMR1_ISR                                          text22       000EDA
_TMR1_Initialize                                   text3        000EA2
_TMR1_InterruptHandler                             nvCOMRAM     000037
_TMR1_SetInterruptHandler                          text4        001026
_TMR1_WriteTimer                                   text23       000F9A
_TRISA                                             (abs)        000F92
_TRISB                                             (abs)        000F93
_TRISC                                             (abs)        000F94
_TXB0CONbits                                       (abs)        000F20
_TXB0D0                                            (abs)        000F26
_TXB0D1                                            (abs)        000F27
_TXB0D2                                            (abs)        000F28
_TXB0D3                                            (abs)        000F29
_TXB0D4                                            (abs)        000F2A
_TXB0D5                                            (abs)        000F2B
_TXB0D6                                            (abs)        000F2C
_TXB0D7                                            (abs)        000F2D
_TXB0DLC                                           (abs)        000F25
_TXB0EIDH                                          (abs)        000F23
_TXB0EIDL                                          (abs)        000F24
_TXB0SIDH                                          (abs)        000F21
_TXB0SIDL                                          (abs)        000F22
_TXB1CONbits                                       (abs)        000F10
_TXB1D0                                            (abs)        000F16
_TXB1D1                                            (abs)        000F17
_TXB1D2                                            (abs)        000F18
_TXB1D3                                            (abs)        000F19
_TXB1D4                                            (abs)        000F1A
_TXB1D5                                            (abs)        000F1B
_TXB1D6                                            (abs)        000F1C
_TXB1D7                                            (abs)        000F1D
_TXB1DLC                                           (abs)        000F15
_TXB1EIDH                                          (abs)        000F13
_TXB1EIDL                                          (abs)        000F14
_TXB1SIDH                                          (abs)        000F11
_TXB1SIDL                                          (abs)        000F12
_TXB2CONbits                                       (abs)        000F00
_TXB2D0                                            (abs)        000F06
_TXB2D1                                            (abs)        000F07
_TXB2D2                                            (abs)        000F08
_TXB2D3                                            (abs)        000F09
_TXB2D4                                            (abs)        000F0A
_TXB2D5                                            (abs)        000F0B
_TXB2D6                                            (abs)        000F0C
_TXB2D7                                            (abs)        000F0D
_TXB2DLC                                           (abs)        000F05
_TXB2EIDH                                          (abs)        000F03
_TXB2EIDL                                          (abs)        000F04
_TXB2SIDH                                          (abs)        000F01
_TXB2SIDL                                          (abs)        000F02
_TXREG1                                            (abs)        000FAD
_TXSTA1                                            (abs)        000FAC
_TXSTA1bits                                        (abs)        000FAC
_WPUB                                              (abs)        000F5B
_WakeUpDefaultInterruptHandler                     text28       001066
_WakeUpInterruptHandler                            bssCOMRAM    00002D
__HRAM                                             (abs)        000000
__Habs1                                            abs1         000000
__Hbank0                                           bank0        000000
__Hbank1                                           bank1        000000
__Hbank10                                          bank10       000000
__Hbank11                                          bank11       000000
__Hbank12                                          bank12       000000
__Hbank13                                          bank13       000000
__Hbank14                                          bank14       000000
__Hbank2                                           bank2        000000
__Hbank3                                           bank3        000000
__Hbank4                                           bank4        000000
__Hbank5                                           bank5        000000
__Hbank6                                           bank6        000000
__Hbank7                                           bank7        000000
__Hbank8                                           bank8        000000
__Hbank9                                           bank9        000000
__Hbigbss                                          bigbss       000000
__Hbigdata                                         bigdata      000000
__Hbigram                                          bigram       000000
__Hbigsfr                                          bigsfr       000000
__Hbss                                             bss          000000
__HbssCOMRAM                                       bssCOMRAM    000000
__Hcinit                                           cinit        000000
__Hclrtext                                         clrtext      000000
__Hcomram                                          comram       000000
__Hconfig                                          config       30000E
__Hconst                                           const        000000
__HcstackBANK0                                     cstackBANK0  000000
__HcstackCOMRAM                                    cstackCOMRAM 000000
__Hdata                                            data         000000
__HdataCOMRAM                                      dataCOMRAM   000000
__Heeprom_data                                     eeprom_data  000000
__Hfarbss                                          farbss       000000
__Hfardata                                         fardata      000000
__Hheap                                            heap         000000
__Hibigdata                                        ibigdata     000000
__Hidata                                           idata        000000
__HidataCOMRAM                                     idataCOMRAM  000000
__Hidloc                                           idloc        200008
__Hifardata                                        ifardata     000000
__Hinit                                            init         000078
__Hintcode                                         intcode      000074
__Hintcode_body                                    intcode_body 000000
__Hintcodelo                                       intcodelo    000074
__Hintentry                                        intentry     000000
__Hintret                                          intret       000000
__Hintsave_regs                                    intsave_regs 000000
__Hirdata                                          irdata       000000
__Hmediumconst                                     mediumconst  000000
__HnvBANK0                                         nvBANK0      000000
__HnvCOMRAM                                        nvCOMRAM     000000
__HnvFARRAM                                        nvFARRAM     000000
__Hnvbit                                           nvbit        000000
__Hnvrram                                          nvrram       000000
__Hparam                                           rparam       000000
__Hpowerup                                         powerup      000074
__Hram                                             ram          000000
__Hramtop                                          ramtop       001000
__Hrbit                                            rbit         000000
__Hrbss                                            rbss         000000
__Hrdata                                           rdata        000000
__Hreset_vec                                       reset_vec    000004
__Hrparam                                          rparam       000000
__Hsfr                                             sfr          000000
__Hsmallconst                                      smallconst   000000
__Hspace_0                                         (abs)        001068
__Hspace_1                                         (abs)        000083
__Hspace_2                                         (abs)        000000
__Hspace_4                                         (abs)        60000E
__Hstack                                           stack        000000
__Hstruct                                          struct       000000
__Htemp                                            temp         00003E
__Htext                                            text         000000
__Htext0                                           text0        000000
__Htext1                                           text1        000000
__Htext10                                          text10       000000
__Htext11                                          text11       000000
__Htext12                                          text12       000000
__Htext13                                          text13       000000
__Htext14                                          text14       000000
__Htext15                                          text15       000000
__Htext16                                          text16       000000
__Htext17                                          text17       000000
__Htext18                                          text18       000000
__Htext19                                          text19       000000
__Htext2                                           text2        000000
__Htext20                                          text20       000000
__Htext22                                          text22       000000
__Htext23                                          text23       000000
__Htext24                                          text24       000000
__Htext25                                          text25       000000
__Htext26                                          text26       000000
__Htext27                                          text27       000000
__Htext28                                          text28       000000
__Htext29                                          text29       000000
__Htext3                                           text3        000000
__Htext4                                           text4        000000
__Htext5                                           text5        000000
__Htext6                                           text6        000000
__Htext7                                           text7        000000
__Htext8                                           text8        000000
__Htext9                                           text9        000000
__LRAM                                             (abs)        000001
__Labs1                                            abs1         000000
__Lbank0                                           bank0        000000
__Lbank1                                           bank1        000000
__Lbank10                                          bank10       000000
__Lbank11                                          bank11       000000
__Lbank12                                          bank12       000000
__Lbank13                                          bank13       000000
__Lbank14                                          bank14       000000
__Lbank2                                           bank2        000000
__Lbank3                                           bank3        000000
__Lbank4                                           bank4        000000
__Lbank5                                           bank5        000000
__Lbank6                                           bank6        000000
__Lbank7                                           bank7        000000
__Lbank8                                           bank8        000000
__Lbank9                                           bank9        000000
__Lbigbss                                          bigbss       000000
__Lbigdata                                         bigdata      000000
__Lbigram                                          bigram       000000
__Lbigsfr                                          bigsfr       000000
__Lbss                                             bss          000000
__LbssCOMRAM                                       bssCOMRAM    000000
__Lcinit                                           cinit        000000
__Lclrtext                                         clrtext      000000
__Lcomram                                          comram       000000
__Lconfig                                          config       000000
__Lconst                                           const        000000
__LcstackBANK0                                     cstackBANK0  000000
__LcstackCOMRAM                                    cstackCOMRAM 000000
__Ldata                                            data         000000
__LdataCOMRAM                                      dataCOMRAM   000000
__Leeprom_data                                     eeprom_data  000000
__Lfarbss                                          farbss       000000
__Lfardata                                         fardata      000000
__Lheap                                            heap         000000
__Libigdata                                        ibigdata     000000
__Lidata                                           idata        000000
__LidataCOMRAM                                     idataCOMRAM  000000
__Lidloc                                           idloc        000000
__Lifardata                                        ifardata     000000
__Linit                                            init         000074
__Lintcode                                         intcode      000008
__Lintcode_body                                    intcode_body 000000
__Lintcodelo                                       intcodelo    000074
__Lintentry                                        intentry     000000
__Lintret                                          intret       000000
__Lintsave_regs                                    intsave_regs 000000
__Lirdata                                          irdata       000000
__Lmediumconst                                     mediumconst  000000
__LnvBANK0                                         nvBANK0      000000
__LnvCOMRAM                                        nvCOMRAM     000000
__LnvFARRAM                                        nvFARRAM     000000
__Lnvbit                                           nvbit        000000
__Lnvrram                                          nvrram       000000
__Lparam                                           rparam       000000
__Lpowerup                                         powerup      000074
__Lram                                             ram          000000
__Lramtop                                          ramtop       001000
__Lrbit                                            rbit         000000
__Lrbss                                            rbss         000000
__Lrdata                                           rdata        000000
__Lreset_vec                                       reset_vec    000000
__Lrparam                                          rparam       000000
__Lsfr                                             sfr          000000
__Lsmallconst                                      smallconst   000000
__Lspace_0                                         (abs)        000000
__Lspace_1                                         (abs)        000000
__Lspace_2                                         (abs)        000000
__Lspace_4                                         (abs)        000000
__Lstack                                           stack        000000
__Lstruct                                          struct       000000
__Ltemp                                            temp         00003D
__Ltext                                            text         000000
__Ltext0                                           text0        000000
__Ltext1                                           text1        000000
__Ltext10                                          text10       000000
__Ltext11                                          text11       000000
__Ltext12                                          text12       000000
__Ltext13                                          text13       000000
__Ltext14                                          text14       000000
__Ltext15                                          text15       000000
__Ltext16                                          text16       000000
__Ltext17                                          text17       000000
__Ltext18                                          text18       000000
__Ltext19                                          text19       000000
__Ltext2                                           text2        000000
__Ltext20                                          text20       000000
__Ltext22                                          text22       000000
__Ltext23                                          text23       000000
__Ltext24                                          text24       000000
__Ltext25                                          text25       000000
__Ltext26                                          text26       000000
__Ltext27                                          text27       000000
__Ltext28                                          text28       000000
__Ltext29                                          text29       000000
__Ltext3                                           text3        000000
__Ltext4                                           text4        000000
__Ltext5                                           text5        000000
__Ltext6                                           text6        000000
__Ltext7                                           text7        000000
__Ltext8                                           text8        000000
__Ltext9                                           text9        000000
__S0                                               (abs)        001068
__S1                                               (abs)        000083
__S4                                               (abs)        000000
__S5                                               (abs)        000000
___heap_hi                                         (abs)        000000
___heap_lo                                         (abs)        000000
___inthi_sp                                        stack        000000
___intlo_sp                                        stack        000000
___lmul                                            text1        000DC0
___lmul@multiplicand                               cstackCOMRAM 000009
___lmul@multiplier                                 cstackCOMRAM 000005
___lmul@product                                    cstackCOMRAM 00000D
___param_bank                                      (abs)        000000
___rparam_used                                     (abs)        000001
___sp                                              stack        000000
__accesstop                                        (abs)        000060
__activetblptr                                     (abs)        000002
__end_of_ADC_GetConversion                         text20       000EA2
__end_of_ADC_Initialize                            text14       001014
__end_of_CAN_receive                               text17       0009C0
__end_of_CAN_transmit                              text15       00076C
__end_of_ECAN_Initialize                           text12       000D48
__end_of_ECAN_SetWakeUpInterruptHandler            text13       001058
__end_of_ECAN_WAKI_ISR                             text27       000FFE
__end_of_EUSART1_Initialize                        text8        000E68
__end_of_EUSART1_SetErrorHandler                   text11       00104E
__end_of_EUSART1_SetFramingErrorHandler            text10       001044
__end_of_EUSART1_SetOverrunErrorHandler            text9        00103A
__end_of_INTERRUPT_Initialize                      text7        001062
__end_of_INTERRUPT_InterruptManager                intcode      000074
__end_of_OSCILLATOR_Initialize                     text6        001026
__end_of_PIN_MANAGER_Initialize                    text5        000F9A
__end_of_SYSTEM_Initialize                         text2        000FE0
__end_of_TMR1_CallBack                             text24       000F70
__end_of_TMR1_DefaultInterruptHandler              text25       001066
__end_of_TMR1_ISR                                  text22       000F10
__end_of_TMR1_Initialize                           text3        000EDA
__end_of_TMR1_SetInterruptHandler                  text4        001030
__end_of_TMR1_WriteTimer                           text23       000FC2
__end_of_WakeUpDefaultInterruptHandler             text28       001068
__end_of___lmul                                    text1        000E2A
__end_of__initialization                           cinit        000F34
__end_of_convertCANid2Reg                          text16       000B34
__end_of_convertReg2ExtendedCANid                  text19       000C6E
__end_of_convertReg2StandardCANid                  text18       000DC0
__end_of_main                                      text0        000452
__end_of_timer_1s                                  text26       00105E
__initialization                                   cinit        000F10
__mediumconst                                      mediumconst  000000
__pbssCOMRAM                                       bssCOMRAM    000021
__pcinit                                           cinit        000F10
__pcstackBANK0                                     cstackBANK0  000060
__pcstackCOMRAM                                    cstackCOMRAM 000001
__pdataCOMRAM                                      dataCOMRAM   00003B
__pidataCOMRAM                                     idataCOMRAM  001062
__pintcode                                         intcode      000008
__pnvBANK0                                         nvBANK0      000081
__pnvCOMRAM                                        nvCOMRAM     000033
__ptext0                                           text0        000078
__ptext1                                           text1        000DC0
__ptext10                                          text10       00103A
__ptext11                                          text11       001044
__ptext12                                          text12       000C6E
__ptext13                                          text13       00104E
__ptext14                                          text14       000FFE
__ptext15                                          text15       000452
__ptext16                                          text16       0009C0
__ptext17                                          text17       00076C
__ptext18                                          text18       000D48
__ptext19                                          text19       000B34
__ptext2                                           text2        000FC2
__ptext20                                          text20       000E68
__ptext22                                          text22       000EDA
__ptext23                                          text23       000F9A
__ptext24                                          text24       000F42
__ptext25                                          text25       001064
__ptext26                                          text26       001058
__ptext27                                          text27       000FE0
__ptext28                                          text28       001066
__ptext29                                          text29       000000
__ptext3                                           text3        000EA2
__ptext4                                           text4        001026
__ptext5                                           text5        000F70
__ptext6                                           text6        001014
__ptext7                                           text7        00105E
__ptext8                                           text8        000E2A
__ptext9                                           text9        001030
__ramtop                                           ramtop       001000
__smallconst                                       smallconst   000000
_charge_LSB                                        bssCOMRAM    000030
_charge_MSB                                        bssCOMRAM    00002F
_convertCANid2Reg                                  text16       0009C0
_convertReg2ExtendedCANid                          text19       000B34
_convertReg2StandardCANid                          text18       000D48
_etat                                              dataCOMRAM   00003B
_eusart1RxLastError                                bssCOMRAM    000032
_flag_timer_1s                                     bssCOMRAM    000031
_main                                              text0        000078
_timer1ReloadVal                                   nvCOMRAM     000039
_timer_1s                                          text26       001058
btemp                                              temp         00003D
convertCANid2Reg@canIdType                         cstackCOMRAM 000009
convertCANid2Reg@passedInEIDH                      cstackCOMRAM 00000A
convertCANid2Reg@passedInEIDL                      cstackCOMRAM 00000C
convertCANid2Reg@passedInSIDH                      cstackCOMRAM 00000E
convertCANid2Reg@passedInSIDL                      cstackCOMRAM 000010
convertCANid2Reg@tempPassedInID                    cstackCOMRAM 000005
convertCANid2Reg@wipSIDL                           cstackCOMRAM 000016
convertReg2ExtendedCANid@CAN_standardLo_ID_hi3bits cstackCOMRAM 000013
convertReg2ExtendedCANid@CAN_standardLo_ID_lo2bits cstackCOMRAM 000012
convertReg2ExtendedCANid@ConvertedID               cstackCOMRAM 000014
convertReg2ExtendedCANid@returnValue               cstackCOMRAM 00000E
convertReg2ExtendedCANid@tempRXBn_EIDH             cstackCOMRAM 00000D
convertReg2ExtendedCANid@tempRXBn_EIDL             cstackCOMRAM 000005
convertReg2ExtendedCANid@tempRXBn_SIDH             cstackCOMRAM 000006
convertReg2ExtendedCANid@tempRXBn_SIDL             cstackCOMRAM 000007
convertReg2StandardCANid@ConvertedID               cstackCOMRAM 000010
convertReg2StandardCANid@returnValue               cstackCOMRAM 00000C
convertReg2StandardCANid@tempRXBn_SIDH             cstackCOMRAM 00000B
convertReg2StandardCANid@tempRXBn_SIDL             cstackCOMRAM 000005
end_of_initialization                              cinit        000F34
int$flags                                          temp         00003D
intlevel0                                          text         000000
intlevel1                                          text         000000
intlevel2                                          text         000000
intlevel3                                          text         000000
isa$std                                            (abs)        000001
isa$xinst                                          (abs)        000000
main@batterie                                      cstackBANK0  000060
main@charge                                        cstackBANK0  000061
main@rxCan                                         cstackBANK0  000073
main@txCan                                         cstackBANK0  000065
stackhi                                            (abs)        000000
stacklo                                            (abs)        000000
start                                              init         000074
start_initialization                               cinit        000F10
ttemp5                                             temp         00003E
ttemp6                                             temp         000041
ttemp7                                             temp         000045
wtemp8                                             temp         00003E


MODULE INFORMATION

Module		Function		Class		Link	Load	Size
mcc_generated_files/interrupt_manager.c
		_INTERRUPT_Initialize		CODE           	105E	0000	4
		_INTERRUPT_InterruptManager		CODE           	0008	0000	108

mcc_generated_files/interrupt_manager.c estimated size: 112

mcc_generated_files/pin_manager.c
		_PIN_MANAGER_Initialize		CODE           	0F70	0000	42

mcc_generated_files/pin_manager.c estimated size: 42

mcc_generated_files/adc.c
		_ADC_Initialize		CODE           	0FFE	0000	22
		_ADC_GetConversion		CODE           	0E68	0000	58

mcc_generated_files/adc.c estimated size: 80

C:\Program Files\Microchip\xc8\v2.40\pic\sources\c99\common\Umul32.c
		___lmul        		CODE           	0DC0	0000	106

C:\Program Files\Microchip\xc8\v2.40\pic\sources\c99\common\Umul32.c estimated size: 106

mcc_generated_files/ecan.c
		_ECAN_SetWakeUpInterruptHandler		CODE           	104E	0000	10
		_CAN_receive   		CODE           	076C	0000	596
		_ECAN_Initialize		CODE           	0C6E	0000	218
		_convertReg2ExtendedCANid		CODE           	0B34	0000	314
		_CAN_transmit  		CODE           	0452	0000	794
		_convertReg2StandardCANid		CODE           	0D48	0000	120
		_WakeUpDefaultInterruptHandler		CODE           	1066	0000	2
		_convertCANid2Reg		CODE           	09C0	0000	372
		_ECAN_WAKI_ISR 		CODE           	0FE0	0000	30

mcc_generated_files/ecan.c estimated size: 2456

shared
		__initialization		CODE           	0F10	0000	36

shared estimated size: 36

mcc_generated_files/eusart1.c
		_EUSART1_Initialize		CODE           	0E2A	0000	62
		_EUSART1_SetFramingErrorHandler		CODE           	103A	0000	10
		_EUSART1_SetOverrunErrorHandler		CODE           	1030	0000	10
		_EUSART1_SetErrorHandler		CODE           	1044	0000	10

mcc_generated_files/eusart1.c estimated size: 92

mcc_generated_files/mcc.c
		_OSCILLATOR_Initialize		CODE           	1014	0000	18
		_SYSTEM_Initialize		CODE           	0FC2	0000	30

mcc_generated_files/mcc.c estimated size: 48

mcc_generated_files/tmr1.c
		_TMR1_Initialize		CODE           	0EA2	0000	56
		_TMR1_SetInterruptHandler		CODE           	1026	0000	10
		_TMR1_DefaultInterruptHandler		CODE           	1064	0000	2
		_TMR1_CallBack 		CODE           	0F42	0000	46
		_TMR1_WriteTimer		CODE           	0F9A	0000	40
		_TMR1_ISR      		CODE           	0EDA	0000	54

mcc_generated_files/tmr1.c estimated size: 208

main.c
		_main          		CODE           	0078	0000	986
		_timer_1s      		CODE           	1058	0000	6

main.c estimated size: 992

